Linux 6.1.1-1-MANJARO (vm-host)         01/28/2023      _x86_64_        (16 CPU)

09:41:03 PM  CPU    %usr   %nice    %sys %iowait    %irq   %soft  %steal  %guest  %gnice   %idle
09:41:03 PM  all    1.04    0.00    0.16    0.04    0.06    0.01    0.00    0.00    0.00   98.69
09:41:03 PM    0    0.87    0.00    0.13    0.03    0.06    0.05    0.00    0.00    0.00   98.87
09:41:03 PM    1    1.12    0.00    0.16    0.04    0.05    0.01    0.00    0.00    0.00   98.62
09:41:03 PM    2    1.12    0.00    0.16    0.07    0.05    0.01    0.00    0.00    0.00   98.59
09:41:03 PM    3    1.11    0.00    0.16    0.05    0.05    0.01    0.00    0.00    0.00   98.63
09:41:03 PM    4    1.05    0.00    0.15    0.03    0.05    0.01    0.00    0.00    0.00   98.72
09:41:03 PM    5    1.08    0.00    0.15    0.03    0.05    0.01    0.00    0.00    0.00   98.67
09:41:03 PM    6    1.09    0.00    0.15    0.05    0.05    0.01    0.00    0.00    0.00   98.66
09:41:03 PM    7    1.07    0.00    0.17    0.03    0.06    0.03    0.00    0.00    0.00   98.64
09:41:03 PM    8    1.06    0.00    0.16    0.03    0.05    0.01    0.00    0.00    0.00   98.69
09:41:03 PM    9    1.05    0.00    0.15    0.05    0.05    0.01    0.00    0.00    0.00   98.69
09:41:03 PM   10    1.02    0.00    0.18    0.05    0.17    0.01    0.00    0.00    0.00   98.57
09:41:03 PM   11    1.02    0.00    0.16    0.03    0.05    0.01    0.00    0.00    0.00   98.73
09:41:03 PM   12    0.85    0.00    0.19    0.05    0.06    0.02    0.00    0.00    0.00   98.84
09:41:03 PM   13    1.04    0.00    0.16    0.03    0.05    0.01    0.00    0.00    0.00   98.72
09:41:03 PM   14    1.04    0.00    0.16    0.04    0.05    0.01    0.00    0.00    0.00   98.71
09:41:03 PM   15    1.01    0.00    0.15    0.04    0.05    0.01    0.00    0.00    0.00   98.74